=== DELL CRON WAKE 20260820-061056 ===

--- STEP 1: HEALTH CHECK ---
API: DOWN (will use SQLite directly)
DB: EXISTS (12M)

--- STEP 2: STATE ASSESSMENT ---
{
  "total_offers": 8634,
  "free_offers": 2097,
  "providers": 236,
  "stale_count": 3039,
  "last_discovery": "2026-08-20T04:33:45Z",
  "db_exists": true
}

--- STEP 3: ORCHESTRATION ---
Track selected: freshness
Running Track A: Data Freshness
{
  "timestamp": 1787206293.300902,
  "elapsed_seconds": 36.57,
  "sources_processed": 0,
  "offers_found": 203,
  "events_found": 0,
  "errors": [],
  "canonical_db": "/mnt/HC_Volume_106427611/dell/data/llmdeals.sqlite3"
}

--- STEP 4: SUMMARY ---
{"final_total": 8634, "final_free": 2097, "final_providers": 236}

=== DELL CRON WAKE COMPLETE Thu Aug 20 06:11:33 AM UTC 2026 ===
